---
http_interactions:
- request:
    method: get
    uri: http://localhost:4500/api/v1/users/1/friendships
    body:
      encoding: US-ASCII
      string: ''
    headers:
      User-Agent:
      - Faraday v1.8.0
      Accept-Encoding:
      - gzip;q=1.0,deflate;q=0.6,identity;q=0.3
      Accept:
      - "*/*"
  response:
    status:
      code: 200
      message: OK
    headers:
      Content-Type:
      - application/json; charset=utf-8
      Etag:
      - W/"9c29c1e0e86668d8ece10e41783b6770"
      Cache-Control:
      - max-age=0, private, must-revalidate
      X-Request-Id:
      - 3f1feb9c-ee2d-4233-836a-e4eeaccb39e9
      X-Runtime:
      - '0.007560'
      Transfer-Encoding:
      - chunked
    body:
      encoding: UTF-8
      string: '{"data":[{"id":"3","type":"user","attributes":{"email":"jimmy@okon.org","google_id":"w597ypmwi95dz5uu5ymu2","google_image_url":"https://robohash.org/facilisrationeofficia.png?size=300x300\u0026set=set1","zip_code":"97047","summary":"Love
        is composed of a single soul inhabiting two bodies.","goal":"Maintain Weight","availability_morning":true,"availability_afternoon":true,"availability_evening":false,"full_name":"Dr.
        Charley McClure"}},{"id":"9","type":"user","attributes":{"email":"blake_huel@ondricka.com","google_id":"rbuhtxm0pbqfnb3kdsudd","google_image_url":"https://robohash.org/autidquia.png?size=300x300\u0026set=set1","zip_code":"13501","summary":"Love
        is composed of a single soul inhabiting two bodies.","goal":"Increase Stamina","availability_morning":false,"availability_afternoon":true,"availability_evening":true,"full_name":"Miss
        Abel Rogahn"}},{"id":"10","type":"user","attributes":{"email":"toney@bahringer.name","google_id":"7s6odo2cijcagr3zub15m","google_image_url":"https://robohash.org/sederrorfacere.png?size=300x300\u0026set=set1","zip_code":"52860","summary":"Pleasure
        in the job puts perfection in the work.","goal":"Increase Flexibility","availability_morning":false,"availability_afternoon":false,"availability_evening":true,"full_name":"Yasuko
        Ondricka"}}]}'
  recorded_at: Tue, 21 Sep 2021 23:24:56 GMT
- request:
    method: get
    uri: http://localhost:4500/api/v1/users/1/gym_memberships
    body:
      encoding: US-ASCII
      string: ''
    headers:
      User-Agent:
      - Faraday v1.8.0
      Accept-Encoding:
      - gzip;q=1.0,deflate;q=0.6,identity;q=0.3
      Accept:
      - "*/*"
  response:
    status:
      code: 200
      message: OK
    headers:
      Content-Type:
      - application/json; charset=utf-8
      Etag:
      - W/"f4402920703770d4406c32096441d4ca"
      Cache-Control:
      - max-age=0, private, must-revalidate
      X-Request-Id:
      - 4dcffe48-66d2-412c-8048-27aee9da4c8c
      X-Runtime:
      - '0.004392'
      Transfer-Encoding:
      - chunked
    body:
      encoding: UTF-8
      string: '{"data":[{"id":"1","type":"gym_membership","attributes":{"user_id":1,"yelp_gym_id":"lex65fkcol5gfq89rymmd2","gym_name":"Stanton
        LLC"}},{"id":"7","type":"gym_membership","attributes":{"user_id":1,"yelp_gym_id":"6x10s0lbnry4ivkzcjpilk","gym_name":"Schinner-Cremin"}},{"id":"17","type":"gym_membership","attributes":{"user_id":1,"yelp_gym_id":"wxaw9m796t6wdnsk53uieh","gym_name":"Auer,
        Jones and McKenzie"}}]}'
  recorded_at: Tue, 21 Sep 2021 23:24:56 GMT
- request:
    method: get
    uri: http://localhost:4500/api/v1/users/1/events
    body:
      encoding: US-ASCII
      string: ''
    headers:
      User-Agent:
      - Faraday v1.8.0
      Accept-Encoding:
      - gzip;q=1.0,deflate;q=0.6,identity;q=0.3
      Accept:
      - "*/*"
  response:
    status:
      code: 200
      message: OK
    headers:
      Content-Type:
      - application/json; charset=utf-8
      Etag:
      - W/"b2c21428d6043a2efb423538089dff92"
      Cache-Control:
      - max-age=0, private, must-revalidate
      X-Request-Id:
      - 9064409b-f8d4-4054-a303-e0bf8fd1ea1b
      X-Runtime:
      - '0.007903'
      Transfer-Encoding:
      - chunked
    body:
      encoding: UTF-8
      string: '{"data":[{"id":"1","type":"event","attributes":{"user_id":3,"gym_membership_id":1,"date_time":"2021-09-26T22:33:07.277Z","activity":"Digital
        arts"}},{"id":"2","type":"event","attributes":{"user_id":4,"gym_membership_id":1,"date_time":"2021-09-22T22:33:07.279Z","activity":"Baton
        twirling"}},{"id":"3","type":"event","attributes":{"user_id":7,"gym_membership_id":7,"date_time":"2021-10-01T22:33:07.281Z","activity":"Machining"}}]}'
  recorded_at: Tue, 21 Sep 2021 23:24:56 GMT
recorded_with: VCR 6.0.0
